../Core/Src/hal/hal_dreamCore/components/oled/../../../hal.h:229:16:virtual void HAL::_beep(float)	0	static
../Core/Src/hal/hal_dreamCore/components/oled/../../../hal.h:233:16:virtual void HAL::_beepStop()	0	static
../Core/Src/hal/hal_dreamCore/components/oled/../../../hal.h:237:16:virtual void HAL::_setBeepVol(unsigned char)	0	static
../Core/Src/hal/hal_dreamCore/components/oled/hal_oled.cpp:163:7:virtual void* HALDreamCore::_getCanvasBuffer()	0	static
../Core/Src/hal/hal_dreamCore/components/oled/hal_oled.cpp:167:15:virtual unsigned char HALDreamCore::_getBufferTileHeight()	0	static
../Core/Src/hal/hal_dreamCore/components/oled/hal_oled.cpp:171:15:virtual unsigned char HALDreamCore::_getBufferTileWidth()	0	static
../Core/Src/hal/hal_dreamCore/components/oled/hal_oled.cpp:193:15:virtual unsigned char HALDreamCore::_getFontHeight()	0	static
../Core/Src/hal/hal_dreamCore/components/oled/../../hal_dreamCore.h:11:7:HALDreamCore::~HALDreamCore()	0	static
../Core/Src/hal/hal_dreamCore/components/oled/hal_oled.cpp:100:15:static unsigned char HALDreamCore::_u8x8_byte_hw_spi_callback(u8x8_t*, unsigned char, unsigned char, void*)	16	static
../Core/Src/hal/hal_dreamCore/components/oled/hal_oled.cpp:179:6:virtual void HALDreamCore::_canvasClear()	0	static
../Core/Src/hal/hal_dreamCore/components/oled/hal_oled.cpp:183:6:virtual void HALDreamCore::_setFont(const unsigned char*)	16	static
../Core/Src/hal/hal_dreamCore/components/oled/hal_oled.cpp:175:6:virtual void HALDreamCore::_canvasUpdate()	0	static
../Core/Src/hal/hal_dreamCore/components/oled/hal_oled.cpp:189:15:virtual unsigned char HALDreamCore::_getFontWidth(std::string&)	8	static
../Core/Src/hal/hal_dreamCore/components/oled/hal_oled.cpp:197:6:virtual void HALDreamCore::_setDrawType(unsigned char)	0	static
../Core/Src/hal/hal_dreamCore/components/oled/hal_oled.cpp:201:6:virtual void HALDreamCore::_drawPixel(float, float)	16	static
../Core/Src/hal/hal_dreamCore/components/oled/hal_oled.cpp:213:6:virtual void HALDreamCore::_drawVDottedLine(float, float, float)	32	static
../Core/Src/hal/hal_dreamCore/components/oled/hal_oled.cpp:220:6:virtual void HALDreamCore::_drawHDottedLine(float, float, float)	40	static
../Core/Src/hal/hal_dreamCore/components/oled/hal_oled.cpp:205:6:virtual void HALDreamCore::_drawEnglish(float, float, const std::string&)	24	static
../Core/Src/hal/hal_dreamCore/components/oled/hal_oled.cpp:209:6:virtual void HALDreamCore::_drawChinese(float, float, const std::string&)	24	static
../Core/Src/hal/hal_dreamCore/components/oled/hal_oled.cpp:227:6:virtual void HALDreamCore::_drawVLine(float, float, float)	24	static
../Core/Src/hal/hal_dreamCore/components/oled/hal_oled.cpp:231:6:virtual void HALDreamCore::_drawHLine(float, float, float)	24	static
../Core/Src/hal/hal_dreamCore/components/oled/hal_oled.cpp:235:6:virtual void HALDreamCore::_drawBMP(float, float, float, float, const unsigned char*)	24	static
../Core/Src/hal/hal_dreamCore/components/oled/hal_oled.cpp:239:6:virtual void HALDreamCore::_drawBox(float, float, float, float)	24	static
../Core/Src/hal/hal_dreamCore/components/oled/hal_oled.cpp:243:6:virtual void HALDreamCore::_drawRBox(float, float, float, float, float)	32	static
../Core/Src/hal/hal_dreamCore/components/oled/hal_oled.cpp:247:6:virtual void HALDreamCore::_drawFrame(float, float, float, float)	24	static
../Core/Src/hal/hal_dreamCore/components/oled/hal_oled.cpp:251:6:virtual void HALDreamCore::_drawRFrame(float, float, float, float, float)	32	static
../Core/Src/hal/hal_dreamCore/components/oled/../../hal_dreamCore.h:11:7:virtual HALDreamCore::~HALDreamCore()	8	static
../Core/Src/hal/hal_dreamCore/components/oled/hal_oled.cpp:127:15:static unsigned char HALDreamCore::_u8x8_gpio_and_delay_callback(u8x8_t*, unsigned char, unsigned char, void*)	8	static
../Core/Src/hal/hal_dreamCore/components/oled/hal_oled.cpp:9:6:void HALDreamCore::_ssd1306_transmit_cmd(unsigned char)	40	static
../Core/Src/hal/hal_dreamCore/components/oled/hal_oled.cpp:60:6:virtual void HALDreamCore::_screenOff()	8	static
../Core/Src/hal/hal_dreamCore/components/oled/hal_oled.cpp:54:6:virtual void HALDreamCore::_screenOn()	8	static
../Core/Src/hal/hal_dreamCore/components/oled/../../../hal.h:87:23:virtual std::string HAL::type()	8	static
../Core/Src/hal/hal_dreamCore/components/oled/hal_oled.cpp:9:6:void HALDreamCore::_ssd1306_transmit_cmd(unsigned char)	40	static
../Core/Src/hal/hal_dreamCore/components/oled/hal_oled.cpp:17:6:void HALDreamCore::_ssd1306_transmit_data(unsigned char, unsigned char)	32	static
../Core/Src/hal/hal_dreamCore/components/oled/hal_oled.cpp:26:6:void HALDreamCore::_ssd1306_reset(bool)	0	static
../Core/Src/hal/hal_dreamCore/components/oled/hal_oled.cpp:31:6:void HALDreamCore::_ssd1306_set_cursor(unsigned char, unsigned char)	8	static
../Core/Src/hal/hal_dreamCore/components/oled/hal_oled.cpp:37:6:void HALDreamCore::_ssd1306_fill(unsigned char)	24	static
../Core/Src/hal/hal_dreamCore/components/oled/hal_oled.cpp:66:6:void HALDreamCore::_ssd1306_init()	8	static
../Core/Src/hal/hal_dreamCore/components/oled/hal_oled.cpp:147:6:void HALDreamCore::_u8g2_init()	8	static
../Core/Src/hal/hal_dreamCore/components/oled/../../hal_dreamCore.h:29:15:virtual void HALDreamCore::init()	8	static
