../Core/Src/hal/hal.h:85:16:virtual void HAL::init()	0	static
../Core/Src/hal/hal.h:93:17:virtual void* HAL::_getCanvasBuffer()	0	static
../Core/Src/hal/hal.h:97:25:virtual unsigned char HAL::_getBufferTileHeight()	0	static
../Core/Src/hal/hal.h:101:25:virtual unsigned char HAL::_getBufferTileWidth()	0	static
../Core/Src/hal/hal.h:105:16:virtual void HAL::_canvasUpdate()	0	static
../Core/Src/hal/hal.h:109:16:virtual void HAL::_canvasClear()	0	static
../Core/Src/hal/hal.h:113:16:virtual void HAL::_setFont(const unsigned char*)	0	static
../Core/Src/hal/hal.h:117:25:virtual unsigned char HAL::_getFontWidth(std::string&)	0	static
../Core/Src/hal/hal.h:121:25:virtual unsigned char HAL::_getFontHeight()	0	static
../Core/Src/hal/hal.h:125:16:virtual void HAL::_setDrawType(unsigned char)	0	static
../Core/Src/hal/hal.h:129:16:virtual void HAL::_drawPixel(float, float)	0	static
../Core/Src/hal/hal.h:134:16:virtual void HAL::_drawEnglish(float, float, const std::string&)	0	static
../Core/Src/hal/hal.h:138:16:virtual void HAL::_drawChinese(float, float, const std::string&)	0	static
../Core/Src/hal/hal.h:142:16:virtual void HAL::_drawVDottedLine(float, float, float)	0	static
../Core/Src/hal/hal.h:146:16:virtual void HAL::_drawHDottedLine(float, float, float)	0	static
../Core/Src/hal/hal.h:150:16:virtual void HAL::_drawVLine(float, float, float)	0	static
../Core/Src/hal/hal.h:154:16:virtual void HAL::_drawHLine(float, float, float)	0	static
../Core/Src/hal/hal.h:164:16:virtual void HAL::_drawBMP(float, float, float, float, const unsigned char*)	0	static
../Core/Src/hal/hal.h:168:16:virtual void HAL::_drawBox(float, float, float, float)	0	static
../Core/Src/hal/hal.h:178:16:virtual void HAL::_drawRBox(float, float, float, float, float)	0	static
../Core/Src/hal/hal.h:182:16:virtual void HAL::_drawFrame(float, float, float, float)	0	static
../Core/Src/hal/hal.h:192:16:virtual void HAL::_drawRFrame(float, float, float, float, float)	0	static
../Core/Src/hal/hal.h:204:16:virtual void HAL::_delay(long unsigned int)	0	static
../Core/Src/hal/hal.h:208:25:virtual long unsigned int HAL::_millis()	0	static
../Core/Src/hal/hal.h:212:25:virtual long unsigned int HAL::_getTick()	0	static
../Core/Src/hal/hal.h:217:25:virtual long unsigned int HAL::_getRandomSeed()	0	static
../Core/Src/hal/hal.h:225:16:virtual void HAL::_beep(float)	0	static
../Core/Src/hal/hal.h:229:16:virtual void HAL::_beepStop()	0	static
../Core/Src/hal/hal.h:233:16:virtual void HAL::_setBeepVol(unsigned char)	0	static
../Core/Src/hal/hal.h:237:16:virtual void HAL::_screenOn()	0	static
../Core/Src/hal/hal.h:241:16:virtual void HAL::_screenOff()	0	static
../Core/Src/hal/hal.h:254:16:virtual bool HAL::_getKey(key::KEY_INDEX)	0	static
../Core/Src/hal/hal.h:283:16:virtual void HAL::_updateConfig()	0	static
../Core/Src/hal/hal.h:81:11:HAL::~HAL()	0	static
../Core/Src/hal/hal.h:81:11:virtual HAL::~HAL()	8	static
D:\DevEnv\stm32cubeide\STM32CubeIDE_1.16.0\STM32CubeIDE\plugins\com.st.stm32cube.ide.mcu.externaltools.gnu-tools-for-stm32.12.3.rel1.win32_1.0.200.202406191623\tools\arm-none-eabi\include\c++\12.3.1\bits\basic_string.h:548:7:std::__cxx11::basic_string<_CharT, _Traits, _Alloc>::basic_string(const std::__cxx11::basic_string<_CharT, _Traits, _Alloc>&) [with _CharT = char; _Traits = std::char_traits<char>; _Alloc = std::allocator<char>]	24	static
../Core/Src/hal/hal.h:83:23:virtual std::string HAL::type()	8	static
../Core/Src/hal/hal.cpp:42:49:void __tcf_0()	16	static
D:\DevEnv\stm32cubeide\STM32CubeIDE_1.16.0\STM32CubeIDE\plugins\com.st.stm32cube.ide.mcu.externaltools.gnu-tools-for-stm32.12.3.rel1.win32_1.0.200.202406191623\tools\arm-none-eabi\include\c++\12.3.1\bits\stl_uninitialized.h:1078:5:_ForwardIterator std::__relocate_a_1(_InputIterator, _InputIterator, _ForwardIterator, _Allocator&) [with _InputIterator = __cxx11::basic_string<char>*; _ForwardIterator = __cxx11::basic_string<char>*; _Allocator = allocator<__cxx11::basic_string<char> >]	24	static
../Core/Src/hal/hal.h:119:24:static unsigned char HAL::getFontHeight()	0	static
../Core/Src/hal/hal.h:123:15:static void HAL::setDrawType(unsigned char)	0	static
../Core/Src/hal/hal.h:252:15:static bool HAL::getKey(key::KEY_INDEX)	0	static
../Core/Src/hal/hal.cpp:58:6:virtual bool HAL::_getAnyKey()	8	static
../Core/Src/hal/hal.h:256:15:static bool HAL::getAnyKey()	0	static
../Core/Src/hal/hal.cpp:71:6:virtual void HAL::_keyScan()	24	static
../Core/Src/hal/hal.cpp:139:6:virtual void HAL::_keyTest()	8	static
../Core/Src/hal/hal.cpp:10:6:static HAL* HAL::get()	0	static
../Core/Src/hal/hal.cpp:14:6:static bool HAL::check()	0	static
../Core/Src/hal/hal.cpp:18:6:static bool HAL::inject(HAL*)	8	static
../Core/Src/hal/hal.cpp:28:6:static void HAL::destroy()	8	static
D:\DevEnv\stm32cubeide\STM32CubeIDE_1.16.0\STM32CubeIDE\plugins\com.st.stm32cube.ide.mcu.externaltools.gnu-tools-for-stm32.12.3.rel1.win32_1.0.200.202406191623\tools\arm-none-eabi\include\c++\12.3.1\bits\vector.tcc:439:7:) [with _Args = {const std::__cxx11::basic_string<char, std::char_traits<char>, std::allocator<char> >&}; _Tp = std::__cxx11::basic_string<char>; _Alloc = std::allocator<std::__cxx11::basic_string<char> >]	40	static
../Core/Src/hal/hal.cpp:41:6:virtual void HAL::_printInfo(std::string)	48	static
