../Core/Src/astra/ui/item/menu/menu.h:43:16:virtual void astra::Menu::childPosInit(const std::vector<float>&)	0	static
../Core/Src/astra/ui/item/menu/menu.h:44:16:virtual void astra::Menu::forePosInit()	0	static
../Core/Src/astra/ui/item/menu/menu.h:76:16:virtual void astra::Menu::render(const std::vector<float>&)	0	static
../Core/Src/astra/ui/item/menu/menu.cpp:69:6:virtual void astra::List::childPosInit(const std::vector<float>&)	32	static
../Core/Src/astra/ui/item/menu/menu.cpp:87:6:virtual void astra::List::forePosInit()	16	static
../Core/Src/astra/ui/item/menu/menu.cpp:203:6:virtual void astra::Tile::childPosInit(const std::vector<float>&)	48	static
../Core/Src/astra/ui/item/menu/menu.cpp:219:6:virtual void astra::Tile::forePosInit()	24	static
C:\Program Files\STMicroelectronics\STM32Cube\STM32CubeIDE_1.16.0\STM32CubeIDE\plugins\com.st.stm32cube.ide.mcu.externaltools.gnu-tools-for-stm32.12.3.rel1.win32_1.0.200.202406191623\tools\arm-none-eabi\include\c++\12.3.1\bits\stl_algobase.h:930:5:typename __gnu_cxx::__enable_if<std::__is_byte<_Tp>::__value, void>::__type std::__fill_a1(_Tp*, _Tp*, const _Tp&) [with _Tp = unsigned char]	0	static
C:\Program Files\STMicroelectronics\STM32Cube\STM32CubeIDE_1.16.0\STM32CubeIDE\plugins\com.st.stm32cube.ide.mcu.externaltools.gnu-tools-for-stm32.12.3.rel1.win32_1.0.200.202406191623\tools\arm-none-eabi\include\c++\12.3.1\bits\stl_vector.h:375:7:std::_Vector_base<_Tp, _Alloc>::pointer std::_Vector_base<_Tp, _Alloc>::_M_allocate(std::size_t) [with _Tp = unsigned char; _Alloc = std::allocator<unsigned char>]	8	static
C:\Program Files\STMicroelectronics\STM32Cube\STM32CubeIDE_1.16.0\STM32CubeIDE\plugins\com.st.stm32cube.ide.mcu.externaltools.gnu-tools-for-stm32.12.3.rel1.win32_1.0.200.202406191623\tools\arm-none-eabi\include\c++\12.3.1\bits\basic_string.h:822:7:std::__cxx11::basic_string<_CharT, _Traits, _Alloc>& std::__cxx11::basic_string<_CharT, _Traits, _Alloc>::operator=(const _CharT*) [with _CharT = char; _Traits = std::char_traits<char>; _Alloc = std::allocator<char>]	24	static
C:\Program Files\STMicroelectronics\STM32Cube\STM32CubeIDE_1.16.0\STM32CubeIDE\plugins\com.st.stm32cube.ide.mcu.externaltools.gnu-tools-for-stm32.12.3.rel1.win32_1.0.200.202406191623\tools\arm-none-eabi\include\c++\12.3.1\bits\basic_string.h:642:7:std::__cxx11::basic_string<_CharT, _Traits, _Alloc>::basic_string(const _CharT*, const _Alloc&) [with _CharT = char; _Traits = std::char_traits<char>; _Alloc = std::allocator<char>]	24	static
../Core/Src/astra/ui/item/menu/menu.h:85:29:virtual std::string astra::List::getType() const	8	static
../Core/Src/astra/ui/item/menu/menu.h:116:29:virtual std::string astra::Tile::getType() const	8	static
../Core/Src/astra/ui/item/menu/menu.h:19:37:virtual std::string astra::Menu::getType() const	8	static
../Core/Src/astra/ui/item/menu/../../../../hal/hal.h:127:15:static void HAL::setDrawType(unsigned char)	8	static
../Core/Src/astra/ui/item/menu/../../../../hal/hal.h:131:15:static void HAL::drawPixel(float, float)	16	static
../Core/Src/astra/ui/item/menu/../../../../hal/hal.h:156:15:static void HAL::drawHLine(float, float, float)	24	static
../Core/Src/astra/ui/item/menu/../../../../hal/hal.h:170:15:static void HAL::drawBox(float, float, float, float)	32	static
../Core/Src/astra/ui/item/menu/../item.h:19:15:void astra::Item::updateConfig()	8	static
../Core/Src/astra/ui/item/menu/../item.h:36:13:static void astra::Animation::exit()	16	static
../Core/Src/astra/ui/item/menu/../item.h:90:13:static void astra::Animation::move(float*, float, float)	24	static
../Core/Src/astra/ui/item/menu/menu.cpp:294:6:virtual void astra::Tile::render(const std::vector<float>&)	56	static
../Core/Src/astra/ui/item/menu/menu.cpp:154:6:virtual void astra::List::render(const std::vector<float>&)	48	static
../Core/Src/astra/ui/item/menu/menu.cpp:29:16:astra::Menu::Position astra::Menu::getItemPosition(unsigned char) const	8	static
../Core/Src/astra/ui/item/menu/menu.cpp:36:15:unsigned char astra::Menu::getItemNum() const	0	static
../Core/Src/astra/ui/item/menu/menu.cpp:38:7:astra::Menu* astra::Menu::getNextMenu() const	0	static
../Core/Src/astra/ui/item/menu/menu.cpp:40:7:astra::Menu* astra::Menu::getPreview() const	0	static
../Core/Src/astra/ui/item/menu/menu.cpp:42:6:void astra::Menu::init(const std::vector<float>&)	0	static
../Core/Src/astra/ui/item/menu/menu.cpp:44:6:void astra::Menu::deInit()	8	static
../Core/Src/astra/ui/item/menu/menu.h:68:3:astra::Menu::Menu()	24	static
C:\Program Files\STMicroelectronics\STM32Cube\STM32CubeIDE_1.16.0\STM32CubeIDE\plugins\com.st.stm32cube.ide.mcu.externaltools.gnu-tools-for-stm32.12.3.rel1.win32_1.0.200.202406191623\tools\arm-none-eabi\include\c++\12.3.1\bits\stl_vector.h:364:7:std::_Vector_base<_Tp, _Alloc>::~_Vector_base() [with _Tp = unsigned char; _Alloc = std::allocator<unsigned char>]	8	static
C:\Program Files\STMicroelectronics\STM32Cube\STM32CubeIDE_1.16.0\STM32CubeIDE\plugins\com.st.stm32cube.ide.mcu.externaltools.gnu-tools-for-stm32.12.3.rel1.win32_1.0.200.202406191623\tools\arm-none-eabi\include\c++\12.3.1\bits\stl_vector.h:761:7:std::vector<_Tp, _Alloc>& std::vector<_Tp, _Alloc>::operator=(std::vector<_Tp, _Alloc>&&) [with _Tp = unsigned char; _Alloc = std::allocator<unsigned char>]	32	static
C:\Program Files\STMicroelectronics\STM32Cube\STM32CubeIDE_1.16.0\STM32CubeIDE\plugins\com.st.stm32cube.ide.mcu.externaltools.gnu-tools-for-stm32.12.3.rel1.win32_1.0.200.202406191623\tools\arm-none-eabi\include\c++\12.3.1\bits\stl_vector.h:1600:7:void std::vector<_Tp, _Alloc>::clear() [with _Tp = astra::Menu*; _Alloc = std::allocator<astra::Menu*>]	0	static
C:\Program Files\STMicroelectronics\STM32Cube\STM32CubeIDE_1.16.0\STM32CubeIDE\plugins\com.st.stm32cube.ide.mcu.externaltools.gnu-tools-for-stm32.12.3.rel1.win32_1.0.200.202406191623\tools\arm-none-eabi\include\c++\12.3.1\bits\stl_vector.h:1600:7:void std::vector<_Tp, _Alloc>::clear() [with _Tp = astra::Widget*; _Alloc = std::allocator<astra::Widget*>]	0	static
C:\Program Files\STMicroelectronics\STM32Cube\STM32CubeIDE_1.16.0\STM32CubeIDE\plugins\com.st.stm32cube.ide.mcu.externaltools.gnu-tools-for-stm32.12.3.rel1.win32_1.0.200.202406191623\tools\arm-none-eabi\include\c++\12.3.1\bits\vector.tcc:439:7:) [with _Args = {astra::Menu* const&}; _Tp = astra::Menu*; _Alloc = std::allocator<astra::Menu*>]	40	static
../Core/Src/astra/ui/item/menu/menu.cpp:49:6:bool astra::Menu::addItem(astra::Menu*)	16	static
C:\Program Files\STMicroelectronics\STM32Cube\STM32CubeIDE_1.16.0\STM32CubeIDE\plugins\com.st.stm32cube.ide.mcu.externaltools.gnu-tools-for-stm32.12.3.rel1.win32_1.0.200.202406191623\tools\arm-none-eabi\include\c++\12.3.1\bits\vector.tcc:439:7:) [with _Args = {astra::Widget* const&}; _Tp = astra::Widget*; _Alloc = std::allocator<astra::Widget*>]	40	static
../Core/Src/astra/ui/item/menu/menu.cpp:59:6:bool astra::Menu::addItem(astra::Menu*, astra::Widget*)	24	static
C:\Program Files\STMicroelectronics\STM32Cube\STM32CubeIDE_1.16.0\STM32CubeIDE\plugins\com.st.stm32cube.ide.mcu.externaltools.gnu-tools-for-stm32.12.3.rel1.win32_1.0.200.202406191623\tools\arm-none-eabi\include\c++\12.3.1\bits\stl_algobase.h:420:2:static _Tp* std::__copy_move<_IsMove, true, std::random_access_iterator_tag>::__copy_m(const _Tp*, const _Tp*, _Tp*) [with _Tp = unsigned char; bool _IsMove = false]	8	static
C:\Program Files\STMicroelectronics\STM32Cube\STM32CubeIDE_1.16.0\STM32CubeIDE\plugins\com.st.stm32cube.ide.mcu.externaltools.gnu-tools-for-stm32.12.3.rel1.win32_1.0.200.202406191623\tools\arm-none-eabi\include\c++\12.3.1\bits\stl_vector.h:673:7:std::vector<_Tp, _Alloc>::vector(std::initializer_list<_Tp>, const allocator_type&) [with _Tp = unsigned char; _Alloc = std::allocator<unsigned char>]	32	static
C:\Program Files\STMicroelectronics\STM32Cube\STM32CubeIDE_1.16.0\STM32CubeIDE\plugins\com.st.stm32cube.ide.mcu.externaltools.gnu-tools-for-stm32.12.3.rel1.win32_1.0.200.202406191623\tools\arm-none-eabi\include\c++\12.3.1\bits\vector.tcc:204:5:std::vector<_Tp, _Alloc>& std::vector<_Tp, _Alloc>::operator=(const std::vector<_Tp, _Alloc>&) [with _Tp = unsigned char; _Alloc = std::allocator<unsigned char>]	24	static
../Core/Src/astra/ui/item/menu/menu.cpp:280:1:astra::Tile::Tile(const std::string&, const std::vector<unsigned char>&)	24	static
../Core/Src/astra/ui/item/menu/menu.cpp:266:1:astra::Tile::Tile(const std::vector<unsigned char>&)	24	static
../Core/Src/astra/ui/item/menu/menu.cpp:140:1:astra::List::List(const std::string&, const std::vector<unsigned char>&)	48	static
../Core/Src/astra/ui/item/menu/menu.cpp:126:1:astra::List::List(const std::vector<unsigned char>&)	40	static
C:\Program Files\STMicroelectronics\STM32Cube\STM32CubeIDE_1.16.0\STM32CubeIDE\plugins\com.st.stm32cube.ide.mcu.externaltools.gnu-tools-for-stm32.12.3.rel1.win32_1.0.200.202406191623\tools\arm-none-eabi\include\c++\12.3.1\bits\stl_algobase.h:420:2:static _Tp* std::__copy_move<_IsMove, true, std::random_access_iterator_tag>::__copy_m(const _Tp*, const _Tp*, _Tp*) [with _Tp = unsigned char; bool _IsMove = true]	8	static
C:\Program Files\STMicroelectronics\STM32Cube\STM32CubeIDE_1.16.0\STM32CubeIDE\plugins\com.st.stm32cube.ide.mcu.externaltools.gnu-tools-for-stm32.12.3.rel1.win32_1.0.200.202406191623\tools\arm-none-eabi\include\c++\12.3.1\bits\vector.tcc:523:5:void std::vector<_Tp, _Alloc>::_M_fill_insert(iterator, size_type, const value_type&) [with _Tp = unsigned char; _Alloc = std::allocator<unsigned char>]	40	static
../Core/Src/astra/ui/item/menu/menu.cpp:31:28:std::vector<unsigned char> astra::Menu::generateDefaultPic()	24	static
../Core/Src/astra/ui/item/menu/menu.cpp:98:1:astra::List::List()	48	static
../Core/Src/astra/ui/item/menu/menu.cpp:112:1:astra::List::List(const std::string&)	48	static
../Core/Src/astra/ui/item/menu/menu.cpp:238:1:astra::Tile::Tile()	40	static
../Core/Src/astra/ui/item/menu/menu.cpp:252:1:astra::Tile::Tile(const std::string&)	40	static
