../Core/Src/astra/astra_logo.cpp:38:36:void __tcf_4()	0	static
../Core/Src/astra/astra_logo.cpp:37:31:void __tcf_3()	0	static
../Core/Src/astra/astra_logo.cpp:18:20:astra::drawLogo(uint16_t)::<lambda(float&, float, float)>	24	static
C:\Program Files\STMicroelectronics\STM32Cube\STM32CubeIDE_1.16.0\STM32CubeIDE\plugins\com.st.stm32cube.ide.mcu.externaltools.gnu-tools-for-stm32.12.3.rel1.win32_1.0.200.202406191623\tools\arm-none-eabi\include\c++\12.3.1\bits\basic_string.tcc:217:7:void std::__cxx11::basic_string<_CharT, _Traits, _Alloc>::_M_construct(_InIterator, _InIterator, std::forward_iterator_tag) [with _FwdIterator = const char*; _CharT = char; _Traits = std::char_traits<char>; _Alloc = std::allocator<char>]	24	static
../Core/Src/astra/../hal/hal.h:115:15:static void HAL::setFont(const unsigned char*)	8	static
../Core/Src/astra/../hal/hal.h:119:24:static unsigned char HAL::getFontWidth(std::string&)	8	static
../Core/Src/astra/../hal/hal.h:127:15:static void HAL::setDrawType(unsigned char)	8	static
../Core/Src/astra/../hal/hal.h:136:15:static void HAL::drawEnglish(float, float, const std::string&)	24	static
../Core/Src/astra/../hal/hal.h:152:15:static void HAL::drawVLine(float, float, float)	24	static
../Core/Src/astra/../hal/hal.h:156:15:static void HAL::drawHLine(float, float, float)	24	static
C:\Program Files\STMicroelectronics\STM32Cube\STM32CubeIDE_1.16.0\STM32CubeIDE\plugins\com.st.stm32cube.ide.mcu.externaltools.gnu-tools-for-stm32.12.3.rel1.win32_1.0.200.202406191623\tools\arm-none-eabi\include\c++\12.3.1\bits\stl_vector.h:364:7:std::_Vector_base<_Tp, _Alloc>::~_Vector_base() [with _Tp = float; _Alloc = std::allocator<float>]	8	static
../Core/Src/astra/astra_logo.cpp:35:31:void __tcf_2()	8	static
../Core/Src/astra/astra_logo.cpp:34:31:void __tcf_1()	8	static
../Core/Src/astra/astra_logo.cpp:33:31:void __tcf_0()	8	static
C:\Program Files\STMicroelectronics\STM32Cube\STM32CubeIDE_1.16.0\STM32CubeIDE\plugins\com.st.stm32cube.ide.mcu.externaltools.gnu-tools-for-stm32.12.3.rel1.win32_1.0.200.202406191623\tools\arm-none-eabi\include\c++\12.3.1\bits\vector.tcc:439:7:) [with _Args = {float}; _Tp = float; _Alloc = std::allocator<float>]	40	static
C:\Program Files\STMicroelectronics\STM32Cube\STM32CubeIDE_1.16.0\STM32CubeIDE\plugins\com.st.stm32cube.ide.mcu.externaltools.gnu-tools-for-stm32.12.3.rel1.win32_1.0.200.202406191623\tools\arm-none-eabi\include\c++\12.3.1\bits\vector.tcc:111:7:) [with _Args = {float}; _Tp = float; _Alloc = std::allocator<float>]	8	static
C:\Program Files\STMicroelectronics\STM32Cube\STM32CubeIDE_1.16.0\STM32CubeIDE\plugins\com.st.stm32cube.ide.mcu.externaltools.gnu-tools-for-stm32.12.3.rel1.win32_1.0.200.202406191623\tools\arm-none-eabi\include\c++\12.3.1\bits\stl_algobase.h:1143:5:_OI std::fill_n(_OI, _Size, const _Tp&) [with _OI = float*; _Size = unsigned int; _Tp = float]	0	static
C:\Program Files\STMicroelectronics\STM32Cube\STM32CubeIDE_1.16.0\STM32CubeIDE\plugins\com.st.stm32cube.ide.mcu.externaltools.gnu-tools-for-stm32.12.3.rel1.win32_1.0.200.202406191623\tools\arm-none-eabi\include\c++\12.3.1\bits\vector.tcc:264:5:void std::vector<_Tp, _Alloc>::_M_fill_assign(std::size_t, const value_type&) [with _Tp = float; _Alloc = std::allocator<float>]	40	static
../Core/Src/astra/astra_logo.cpp:17:6:void astra::drawLogo(uint16_t)	64	static
