../Core/Src/astra/ui/item/selector/../menu/menu.h:43:16:virtual void astra::Menu::childPosInit(const std::vector<float>&)	0	static
../Core/Src/astra/ui/item/selector/../menu/menu.h:44:16:virtual void astra::Menu::forePosInit()	0	static
../Core/Src/astra/ui/item/selector/../menu/menu.h:76:16:virtual void astra::Menu::render(const std::vector<float>&)	0	static
../Core/Src/astra/ui/item/selector/../menu/menu.h:19:37:virtual std::string astra::Menu::getType() const	8	static
../Core/Src/astra/ui/item/selector/../menu/../../../../hal/hal.h:115:24:static unsigned char HAL::getFontWidth(std::string&)	8	static
../Core/Src/astra/ui/item/selector/../menu/../../../../hal/hal.h:123:15:static void HAL::setDrawType(unsigned char)	8	static
../Core/Src/astra/ui/item/selector/../menu/../../../../hal/hal.h:127:15:static void HAL::drawPixel(float, float)	16	static
../Core/Src/astra/ui/item/selector/../menu/../../../../hal/hal.h:148:15:static void HAL::drawVLine(float, float, float)	24	static
../Core/Src/astra/ui/item/selector/../menu/../../../../hal/hal.h:152:15:static void HAL::drawHLine(float, float, float)	24	static
../Core/Src/astra/ui/item/selector/../menu/../item.h:19:15:void astra::Item::updateConfig()	8	static
../Core/Src/astra/ui/item/selector/../menu/../item.h:90:13:static void astra::Animation::move(float*, float, float)	24	static
../Core/Src/astra/ui/item/selector/selector.cpp:9:6:void astra::Selector::setPosition()	40	static
../Core/Src/astra/ui/item/selector/selector.cpp:38:6:void astra::Selector::go(unsigned char)	16	static
../Core/Src/astra/ui/item/selector/selector.cpp:56:6:void astra::Selector::goNext()	8	static
../Core/Src/astra/ui/item/selector/selector.cpp:64:6:void astra::Selector::goPreview()	8	static
../Core/Src/astra/ui/item/selector/selector.cpp:72:6:bool astra::Selector::inject(astra::Menu*)	8	static
../Core/Src/astra/ui/item/selector/selector.cpp:90:6:void astra::Selector::render(std::vector<float>)	64	static
../Core/Src/astra/ui/item/selector/selector.cpp:148:20:std::vector<float> astra::Selector::getPosition()	24	static
D:\DevEnv\stm32cubeide\STM32CubeIDE_1.16.0\STM32CubeIDE\plugins\com.st.stm32cube.ide.mcu.externaltools.gnu-tools-for-stm32.12.3.rel1.win32_1.0.200.202406191623\tools\arm-none-eabi\include\c++\12.3.1\bits\stl_vector.h:364:7:std::_Vector_base<_Tp, _Alloc>::~_Vector_base() [with _Tp = unsigned char; _Alloc = std::allocator<unsigned char>]	8	static
../Core/Src/astra/ui/item/selector/../menu/menu.h:69:3:astra::Menu::~Menu()	8	static
../Core/Src/astra/ui/item/selector/selector.cpp:83:6:bool astra::Selector::destroy()	16	static
