../Core/Src/hal/hal_dreamCore/components/oled/graph_lib/u8g2/u8g2_font.c:118:17:u8g2_font_get_word	0	static
../Core/Src/hal/hal_dreamCore/components/oled/graph_lib/u8g2/u8g2_font.c:1227:13:u8g2_font_calc_vref_font	0	static
../Core/Src/hal/hal_dreamCore/components/oled/graph_lib/u8g2/u8g2_font.c:1238:13:u8g2_font_calc_vref_bottom	0	static
../Core/Src/hal/hal_dreamCore/components/oled/graph_lib/u8g2/u8g2_font.c:1248:13:u8g2_font_calc_vref_top	0	static
../Core/Src/hal/hal_dreamCore/components/oled/graph_lib/u8g2/u8g2_font.c:1262:13:u8g2_font_calc_vref_center	0	static
../Core/Src/hal/hal_dreamCore/components/oled/graph_lib/u8g2/u8g2_font.c:131:6:u8g2_read_font_info	8	static
../Core/Src/hal/hal_dreamCore/components/oled/graph_lib/u8g2/u8g2_font.c:170:8:u8g2_GetFontSize	8	static
../Core/Src/hal/hal_dreamCore/components/oled/graph_lib/u8g2/u8g2_font.c:205:9:u8g2_GetFontBBXWidth	0	static
../Core/Src/hal/hal_dreamCore/components/oled/graph_lib/u8g2/u8g2_font.c:210:9:u8g2_GetFontBBXHeight	0	static
../Core/Src/hal/hal_dreamCore/components/oled/graph_lib/u8g2/u8g2_font.c:216:8:u8g2_GetFontBBXOffX	0	static
../Core/Src/hal/hal_dreamCore/components/oled/graph_lib/u8g2/u8g2_font.c:222:8:u8g2_GetFontBBXOffY	0	static
../Core/Src/hal/hal_dreamCore/components/oled/graph_lib/u8g2/u8g2_font.c:228:9:u8g2_GetFontCapitalAHeight	0	static
../Core/Src/hal/hal_dreamCore/components/oled/graph_lib/u8g2/u8g2_font.c:237:9:u8g2_font_decode_get_unsigned_bits	16	static
../Core/Src/hal/hal_dreamCore/components/oled/graph_lib/u8g2/u8g2_font.c:578:13:u8g2_font_setup_decode	16	static
../Core/Src/hal/hal_dreamCore/components/oled/graph_lib/u8g2/u8g2_font.c:282:8:u8g2_font_decode_get_signed_bits	8	static
../Core/Src/hal/hal_dreamCore/components/oled/graph_lib/u8g2/u8g2_font.c:296:13:u8g2_add_vector_y	0	static
../Core/Src/hal/hal_dreamCore/components/oled/graph_lib/u8g2/u8g2_font.c:316:13:u8g2_add_vector_x	0	static
../Core/Src/hal/hal_dreamCore/components/oled/graph_lib/u8g2/u8g2_font.c:387:6:u8g2_font_decode_len	64	static
../Core/Src/hal/hal_dreamCore/components/oled/graph_lib/u8g2/u8g2_font.c:485:6:u8g2_font_2x_decode_len	56	static
../Core/Src/hal/hal_dreamCore/components/oled/graph_lib/u8g2/u8g2_font.c:612:8:u8g2_font_decode_glyph	40	static
../Core/Src/hal/hal_dreamCore/components/oled/graph_lib/u8g2/u8g2_font.c:713:8:u8g2_font_2x_decode_glyph	40	static
../Core/Src/hal/hal_dreamCore/components/oled/graph_lib/u8g2/u8g2_font.c:782:16:u8g2_font_get_glyph_data	8	static
../Core/Src/hal/hal_dreamCore/components/oled/graph_lib/u8g2/u8g2_font.c:1297:16:u8g2_is_all_valid.constprop	24	static
../Core/Src/hal/hal_dreamCore/components/oled/graph_lib/u8g2/u8g2_font.c:899:9:u8g2_IsGlyph	8	static
../Core/Src/hal/hal_dreamCore/components/oled/graph_lib/u8g2/u8g2_font.c:908:8:u8g2_GetGlyphWidth	16	static
../Core/Src/hal/hal_dreamCore/components/oled/graph_lib/u8g2/u8g2_font.c:1325:20:u8g2_string_width	32	static
../Core/Src/hal/hal_dreamCore/components/oled/graph_lib/u8g2/u8g2_font.c:931:6:u8g2_SetFontMode	0	static
../Core/Src/hal/hal_dreamCore/components/oled/graph_lib/u8g2/u8g2_font.c:936:13:u8g2_DrawGlyph	24	static
../Core/Src/hal/hal_dreamCore/components/oled/graph_lib/u8g2/u8g2_font.c:967:20:u8g2_draw_string	32	static
../Core/Src/hal/hal_dreamCore/components/oled/graph_lib/u8g2/u8g2_font.c:960:13:u8g2_DrawGlyphX2	24	static
../Core/Src/hal/hal_dreamCore/components/oled/graph_lib/u8g2/u8g2_font.c:1017:20:u8g2_draw_string_2x	32	static
../Core/Src/hal/hal_dreamCore/components/oled/graph_lib/u8g2/u8g2_font.c:1039:13:u8g2_DrawStr	4	static
../Core/Src/hal/hal_dreamCore/components/oled/graph_lib/u8g2/u8g2_font.c:1045:13:u8g2_DrawStrX2	4	static
../Core/Src/hal/hal_dreamCore/components/oled/graph_lib/u8g2/u8g2_font.c:1061:13:u8g2_DrawUTF8	4	static
../Core/Src/hal/hal_dreamCore/components/oled/graph_lib/u8g2/u8g2_font.c:1067:13:u8g2_DrawUTF8X2	4	static
../Core/Src/hal/hal_dreamCore/components/oled/graph_lib/u8g2/u8g2_font.c:1074:13:u8g2_DrawExtendedUTF8	48	static
../Core/Src/hal/hal_dreamCore/components/oled/graph_lib/u8g2/u8g2_font.c:1121:13:u8g2_DrawExtUTF8	48	static
../Core/Src/hal/hal_dreamCore/components/oled/graph_lib/u8g2/u8g2_font.c:1181:6:u8g2_UpdateRefHeight	8	static
../Core/Src/hal/hal_dreamCore/components/oled/graph_lib/u8g2/u8g2_font.c:1206:6:u8g2_SetFontRefHeightText	0	static
../Core/Src/hal/hal_dreamCore/components/oled/graph_lib/u8g2/u8g2_font.c:1212:6:u8g2_SetFontRefHeightExtendedText	0	static
../Core/Src/hal/hal_dreamCore/components/oled/graph_lib/u8g2/u8g2_font.c:1218:6:u8g2_SetFontRefHeightAll	0	static
../Core/Src/hal/hal_dreamCore/components/oled/graph_lib/u8g2/u8g2_font.c:1232:6:u8g2_SetFontPosBaseline	0	static
../Core/Src/hal/hal_dreamCore/components/oled/graph_lib/u8g2/u8g2_font.c:1243:6:u8g2_SetFontPosBottom	0	static
../Core/Src/hal/hal_dreamCore/components/oled/graph_lib/u8g2/u8g2_font.c:1257:6:u8g2_SetFontPosTop	0	static
../Core/Src/hal/hal_dreamCore/components/oled/graph_lib/u8g2/u8g2_font.c:1272:6:u8g2_SetFontPosCenter	0	static
../Core/Src/hal/hal_dreamCore/components/oled/graph_lib/u8g2/u8g2_font.c:1279:6:u8g2_SetFont	8	static
../Core/Src/hal/hal_dreamCore/components/oled/graph_lib/u8g2/u8g2_font.c:1316:9:u8g2_IsAllValidUTF8	0	static
../Core/Src/hal/hal_dreamCore/components/oled/graph_lib/u8g2/u8g2_font.c:1394:8:u8g2_GetStrX	16	static
../Core/Src/hal/hal_dreamCore/components/oled/graph_lib/u8g2/u8g2_font.c:1502:13:u8g2_GetStrWidth	0	static
../Core/Src/hal/hal_dreamCore/components/oled/graph_lib/u8g2/u8g2_font.c:1526:13:u8g2_GetUTF8Width	0	static
../Core/Src/hal/hal_dreamCore/components/oled/graph_lib/u8g2/u8g2_font.c:1534:6:u8g2_SetFontDirection	0	static
