../Core/Src/hal/hal_dreamCore/components/oled/graph_lib/u8g2/u8log.c:138:6:u8log_write_char	24	static
../Core/Src/hal/hal_dreamCore/components/oled/graph_lib/u8g2/u8log.c:171:6:u8log_Init	24	static
../Core/Src/hal/hal_dreamCore/components/oled/graph_lib/u8g2/u8log.c:180:6:u8log_SetCallback	0	static
../Core/Src/hal/hal_dreamCore/components/oled/graph_lib/u8g2/u8log.c:186:6:u8log_SetRedrawMode	0	static
../Core/Src/hal/hal_dreamCore/components/oled/graph_lib/u8g2/u8log.c:192:6:u8log_SetLineHeightOffset	0	static
../Core/Src/hal/hal_dreamCore/components/oled/graph_lib/u8g2/u8log.c:199:6:u8log_WriteChar	8	static
../Core/Src/hal/hal_dreamCore/components/oled/graph_lib/u8g2/u8log.c:223:13:u8log_WriteHexHalfByte	0	static
../Core/Src/hal/hal_dreamCore/components/oled/graph_lib/u8g2/u8log.c:213:6:u8log_WriteString	16	static
../Core/Src/hal/hal_dreamCore/components/oled/graph_lib/u8g2/u8log.c:232:6:u8log_WriteHex8	16	static
../Core/Src/hal/hal_dreamCore/components/oled/graph_lib/u8g2/u8log.c:238:6:u8log_WriteHex16	16	static
../Core/Src/hal/hal_dreamCore/components/oled/graph_lib/u8g2/u8log.c:244:6:u8log_WriteHex32	16	static
../Core/Src/hal/hal_dreamCore/components/oled/graph_lib/u8g2/u8log.c:251:6:u8log_WriteDec8	8	static
../Core/Src/hal/hal_dreamCore/components/oled/graph_lib/u8g2/u8log.c:257:6:u8log_WriteDec16	8	static
